// Jest Snapshot v1, https://goo.gl/fbAQLP

exports[`Items should render data 1`] = `
<React.Fragment>
  <ForwardRef>
    Items
  </ForwardRef>
  <ul>
    <li>
      <Link
        to="/items/123"
      >
        item 123
      </Link>
    </li>
    <li>
      <Link
        to="/items/321"
      >
        item 321
      </Link>
    </li>
  </ul>
</React.Fragment>
`;
