// Jest Snapshot v1, https://goo.gl/fbAQLP

exports[`Items should render data 1`] = `
<div>
  <h1
    class="sc-htpNat dpfqCK"
  >
    Items
  </h1>
  <ul>
    <li>
      [Link to="/items/123" children="item 123"]
    </li>
    <li>
      [Link to="/items/321" children="item 321"]
    </li>
  </ul>
</div>
`;
