// Jest Snapshot v1, https://goo.gl/fbAQLP

exports[`App should render 1`] = `
<React.Fragment>
  <ForwardRef(styled.div)>
    <BrowserRouter>
      <Switch>
        <Redirect
          exact={true}
          from="/"
          to="items"
        />
        <Route
          component={[Function]}
          exact={true}
          path="/items"
        />
        <Route
          component={[Function]}
          exact={true}
          path="/items/:id"
        />
        <Route
          component={[Function]}
        />
      </Switch>
    </BrowserRouter>
  </ForwardRef(styled.div)>
  <GlobalStyleComponent />
</React.Fragment>
`;
